main.c:198:6:SystemClock_Config	96	static
main.c:465:6:HAL_TIM_IC_CaptureCallback	0	static
main.c:519:6:printWelcomeMessage	8	static
main.c:526:10:readUserInput	16	static
main.c:535:10:processUserInput	720	static
main.c:129:5:main	88	static
main.c:598:10:pid_controller_wheels	8	static
main.c:479:6:HAL_TIM_OC_DelayElapsedCallback	16	static
main.c:645:6:update_my_position	56	static
main.c:663:7:heading_pid_controller	0	static
main.c:673:6:calculate_new_speed	48	static
main.c:748:6:Error_Handler	0	static
