main.c:210:6:SystemClock_Config	96	static
main.c:477:6:HAL_TIM_IC_CaptureCallback	0	static
main.c:541:6:printWelcomeMessage	8	static
main.c:548:10:readUserInput	16	static
main.c:557:10:processUserInput	1416	static
main.c:141:5:main	88	static
main.c:631:10:pid_controller_wheels	8	static
main.c:678:6:update_my_position	72	static
main.c:732:7:heading_pid_controller	16	static
main.c:746:6:calculate_new_speed	40	static
main.c:491:6:HAL_TIM_OC_DelayElapsedCallback	32	static
main.c:840:6:Error_Handler	0	static
