stm32f4xx_hal_msp.c:66:6:HAL_MspInit	16	static
stm32f4xx_hal_msp.c:90:6:HAL_TIM_IC_MspInit	40	static
stm32f4xx_hal_msp.c:129:6:HAL_TIM_PWM_MspInit	8	static
stm32f4xx_hal_msp.c:151:6:HAL_TIM_OC_MspInit	16	static
stm32f4xx_hal_msp.c:170:6:HAL_TIM_MspPostInit	32	static
stm32f4xx_hal_msp.c:203:6:HAL_TIM_IC_MspDeInit	8	static
stm32f4xx_hal_msp.c:234:6:HAL_TIM_PWM_MspDeInit	0	static
stm32f4xx_hal_msp.c:256:6:HAL_TIM_OC_MspDeInit	0	static
stm32f4xx_hal_msp.c:281:6:HAL_UART_MspInit	40	static
stm32f4xx_hal_msp.c:317:6:HAL_UART_MspDeInit	0	static
